// Vitest Snapshot v1, https://vitest.dev/guide/snapshot.html

exports[`scenario snapshots > シナリオA 田中葵 > calcIntegratedSim 1`] = `
[
  {
    "annualExpense": 192,
    "annualIncome": 314,
    "assetTotal": 115,
    "cashAssetBase": 80,
    "cashFlow": 0,
    "cashPool": 80,
    "dividendCashout": 0,
    "investAssetBase": 35,
    "investPool": 35,
    "leCost": 135,
    "liquidation": 0,
    "mortgageDeduct": 0,
    "oneTime": 0,
    "totalWealth": 115,
    "year": 2026,
  },
  {
    "annualExpense": 192,
    "annualIncome": 323,
    "assetTotal": 118,
    "cashAssetBase": 92,
    "cashFlow": -23,
    "cashPool": 69,
    "dividendCashout": 0,
    "investAssetBase": 49,
    "investPool": 49,
    "leCost": 120,
    "liquidation": 0,
    "mortgageDeduct": 0,
    "oneTime": -35,
    "totalWealth": 118,
    "year": 2027,
  },
  {
    "annualExpense": 192,
    "annualIncome": 333,
    "assetTotal": 150,
    "cashAssetBase": 104,
    "cashFlow": -17,
    "cashPool": 87,
    "dividendCashout": 0,
    "investAssetBase": 63,
    "investPool": 63,
    "leCost": 136,
    "liquidation": 0,
    "mortgageDeduct": 0,
    "oneTime": 0,
    "totalWealth": 150,
    "year": 2028,
  },
  {
    "annualExpense": 192,
    "annualIncome": 300,
    "assetTotal": 165,
    "cashAssetBase": 116,
    "cashFlow": -30,
    "cashPool": 87,
    "dividendCashout": 0,
    "investAssetBase": 78,
    "investPool": 78,
    "leCost": 121,
    "liquidation": 0,
    "mortgageDeduct": 0,
    "oneTime": 0,
    "totalWealth": 165,
    "year": 2029,
  },
  {
    "annualExpense": 192,
    "annualIncome": 406,
    "assetTotal": 270,
    "cashAssetBase": 128,
    "cashFlow": 47,
    "cashPool": 176,
    "dividendCashout": 0,
    "investAssetBase": 94,
    "investPool": 94,
    "leCost": 137,
    "liquidation": 0,
    "mortgageDeduct": 0,
    "oneTime": 0,
    "totalWealth": 270,
    "year": 2030,
  },
  {
    "annualExpense": 192,
    "annualIncome": 406,
    "assetTotal": 391,
    "cashAssetBase": 141,
    "cashFlow": 139,
    "cashPool": 280,
    "dividendCashout": 0,
    "investAssetBase": 111,
    "investPool": 111,
    "leCost": 122,
    "liquidation": 0,
    "mortgageDeduct": 0,
    "oneTime": 0,
    "totalWealth": 391,
    "year": 2031,
  },
  {
    "annualExpense": 192,
    "annualIncome": 406,
    "assetTotal": 497,
    "cashAssetBase": 153,
    "cashFlow": 215,
    "cashPool": 368,
    "dividendCashout": 0,
    "investAssetBase": 129,
    "investPool": 129,
    "leCost": 138,
    "liquidation": 0,
    "mortgageDeduct": 0,
    "oneTime": 0,
    "totalWealth": 497,
    "year": 2032,
  },
  {
    "annualExpense": 192,
    "annualIncome": 406,
    "assetTotal": 618,
    "cashAssetBase": 165,
    "cashFlow": 306,
    "cashPool": 471,
    "dividendCashout": 0,
    "investAssetBase": 147,
    "investPool": 147,
    "leCost": 123,
    "liquidation": 0,
    "mortgageDeduct": 0,
    "oneTime": 0,
    "totalWealth": 618,
    "year": 2033,
  },
  {
    "annualExpense": 192,
    "annualIncome": 406,
    "assetTotal": 725,
    "cashAssetBase": 177,
    "cashFlow": 381,
    "cashPool": 558,
    "dividendCashout": 0,
    "investAssetBase": 166,
    "investPool": 166,
    "leCost": 139,
    "liquidation": 0,
    "mortgageDeduct": 0,
    "oneTime": 0,
    "totalWealth": 725,
    "year": 2034,
  },
  {
    "annualExpense": 192,
    "annualIncome": 406,
    "assetTotal": 847,
    "cashAssetBase": 189,
    "cashFlow": 471,
    "cashPool": 660,
    "dividendCashout": 0,
    "investAssetBase": 187,
    "investPool": 187,
    "leCost": 124,
    "liquidation": 0,
    "mortgageDeduct": 0,
    "oneTime": 0,
    "totalWealth": 847,
    "year": 2035,
  },
  {
    "annualExpense": 192,
    "annualIncome": 406,
    "assetTotal": 955,
    "cashAssetBase": 201,
    "cashFlow": 545,
    "cashPool": 747,
    "dividendCashout": 0,
    "investAssetBase": 208,
    "investPool": 208,
    "leCost": 140,
    "liquidation": 0,
    "mortgageDeduct": 0,
    "oneTime": 0,
    "totalWealth": 955,
    "year": 2036,
  },
  {
    "annualExpense": 192,
    "annualIncome": 406,
    "assetTotal": 1078,
    "cashAssetBase": 213,
    "cashFlow": 634,
    "cashPool": 848,
    "dividendCashout": 0,
    "investAssetBase": 230,
    "investPool": 230,
    "leCost": 125,
    "liquidation": 0,
    "mortgageDeduct": 0,
    "oneTime": 0,
    "totalWealth": 1078,
    "year": 2037,
  },
  {
    "annualExpense": 192,
    "annualIncome": 406,
    "assetTotal": 1187,
    "cashAssetBase": 226,
    "cashFlow": 707,
    "cashPool": 933,
    "dividendCashout": 0,
    "investAssetBase": 254,
    "investPool": 254,
    "leCost": 141,
    "liquidation": 0,
    "mortgageDeduct": 0,
    "oneTime": 0,
    "totalWealth": 1187,
    "year": 2038,
  },
  {
    "annualExpense": 192,
    "annualIncome": 406,
    "assetTotal": 1312,
    "cashAssetBase": 238,
    "cashFlow": 795,
    "cashPool": 1033,
    "dividendCashout": 0,
    "investAssetBase": 279,
    "investPool": 279,
    "leCost": 126,
    "liquidation": 0,
    "mortgageDeduct": 0,
    "oneTime": 0,
    "totalWealth": 1312,
    "year": 2039,
  },
  {
    "annualExpense": 192,
    "annualIncome": 406,
    "assetTotal": 1422,
    "cashAssetBase": 250,
    "cashFlow": 867,
    "cashPool": 1117,
    "dividendCashout": 0,
    "investAssetBase": 305,
    "investPool": 305,
    "leCost": 142,
    "liquidation": 0,
    "mortgageDeduct": 0,
    "oneTime": 0,
    "totalWealth": 1422,
    "year": 2040,
  },
  {
    "annualExpense": 192,
    "annualIncome": 406,
    "assetTotal": 1564,
    "cashAssetBase": 262,
    "cashFlow": 970,
    "cashPool": 1232,
    "dividendCashout": 0,
    "investAssetBase": 332,
    "investPool": 332,
    "leCost": 111,
    "liquidation": 0,
    "mortgageDeduct": 0,
    "oneTime": 0,
    "totalWealth": 1564,
    "year": 2041,
  },
  {
    "annualExpense": 8,
    "annualIncome": 406,
    "assetTotal": 1874,
    "cashAssetBase": 274,
    "cashFlow": 1240,
    "cashPool": 1514,
    "dividendCashout": 0,
    "investAssetBase": 360,
    "investPool": 360,
    "leCost": 128,
    "liquidation": 0,
    "mortgageDeduct": 0,
    "oneTime": 0,
    "totalWealth": 1874,
    "year": 2042,
  },
  {
    "annualExpense": 8,
    "annualIncome": 406,
    "assetTotal": 2202,
    "cashAssetBase": 287,
    "cashFlow": 1526,
    "cashPool": 1812,
    "dividendCashout": 0,
    "investAssetBase": 390,
    "investPool": 390,
    "leCost": 112,
    "liquidation": 0,
    "mortgageDeduct": 0,
    "oneTime": 0,
    "totalWealth": 2202,
    "year": 2043,
  },
  {
    "annualExpense": 8,
    "annualIncome": 406,
    "assetTotal": 2515,
    "cashAssetBase": 299,
    "cashFlow": 1795,
    "cashPool": 2093,
    "dividendCashout": 0,
    "investAssetBase": 422,
    "investPool": 422,
    "leCost": 129,
    "liquidation": 0,
    "mortgageDeduct": 0,
    "oneTime": 0,
    "totalWealth": 2515,
    "year": 2044,
  },
  {
    "annualExpense": 8,
    "annualIncome": 406,
    "assetTotal": 2845,
    "cashAssetBase": 311,
    "cashFlow": 2080,
    "cashPool": 2391,
    "dividendCashout": 0,
    "investAssetBase": 455,
    "investPool": 455,
    "leCost": 113,
    "liquidation": 0,
    "mortgageDeduct": 0,
    "oneTime": 0,
    "totalWealth": 2845,
    "year": 2045,
  },
  {
    "annualExpense": 8,
    "annualIncome": 406,
    "assetTotal": 3160,
    "cashAssetBase": 323,
    "cashFlow": 2348,
    "cashPool": 2671,
    "dividendCashout": 0,
    "investAssetBase": 490,
    "investPool": 490,
    "leCost": 130,
    "liquidation": 0,
    "mortgageDeduct": 0,
    "oneTime": 0,
    "totalWealth": 3160,
    "year": 2046,
  },
  {
    "annualExpense": 8,
    "annualIncome": 406,
    "assetTotal": 3493,
    "cashAssetBase": 335,
    "cashFlow": 2632,
    "cashPool": 2967,
    "dividendCashout": 0,
    "investAssetBase": 526,
    "investPool": 526,
    "leCost": 114,
    "liquidation": 0,
    "mortgageDeduct": 0,
    "oneTime": 0,
    "totalWealth": 3493,
    "year": 2047,
  },
  {
    "annualExpense": 8,
    "annualIncome": 406,
    "assetTotal": 3811,
    "cashAssetBase": 348,
    "cashFlow": 2899,
    "cashPool": 3246,
    "dividendCashout": 0,
    "investAssetBase": 564,
    "investPool": 564,
    "leCost": 131,
    "liquidation": 0,
    "mortgageDeduct": 0,
    "oneTime": 0,
    "totalWealth": 3811,
    "year": 2048,
  },
  {
    "annualExpense": 8,
    "annualIncome": 406,
    "assetTotal": 4146,
    "cashAssetBase": 360,
    "cashFlow": 3182,
    "cashPool": 3542,
    "dividendCashout": 0,
    "investAssetBase": 605,
    "investPool": 605,
    "leCost": 115,
    "liquidation": 0,
    "mortgageDeduct": 0,
    "oneTime": 0,
    "totalWealth": 4146,
    "year": 2049,
  },
  {
    "annualExpense": 8,
    "annualIncome": 406,
    "assetTotal": 4467,
    "cashAssetBase": 372,
    "cashFlow": 3448,
    "cashPool": 3820,
    "dividendCashout": 0,
    "investAssetBase": 647,
    "investPool": 647,
    "leCost": 132,
    "liquidation": 0,
    "mortgageDeduct": 0,
    "oneTime": 0,
    "totalWealth": 4467,
    "year": 2050,
  },
  {
    "annualExpense": 8,
    "annualIncome": 406,
    "assetTotal": 4805,
    "cashAssetBase": 385,
    "cashFlow": 3730,
    "cashPool": 4114,
    "dividendCashout": 0,
    "investAssetBase": 691,
    "investPool": 691,
    "leCost": 116,
    "liquidation": 0,
    "mortgageDeduct": 0,
    "oneTime": 0,
    "totalWealth": 4805,
    "year": 2051,
  },
  {
    "annualExpense": 8,
    "annualIncome": 406,
    "assetTotal": 5129,
    "cashAssetBase": 397,
    "cashFlow": 3995,
    "cashPool": 4392,
    "dividendCashout": 0,
    "investAssetBase": 738,
    "investPool": 738,
    "leCost": 133,
    "liquidation": 0,
    "mortgageDeduct": 0,
    "oneTime": 0,
    "totalWealth": 5129,
    "year": 2052,
  },
  {
    "annualExpense": 8,
    "annualIncome": 406,
    "assetTotal": 5471,
    "cashAssetBase": 409,
    "cashFlow": 4276,
    "cashPool": 4685,
    "dividendCashout": 0,
    "investAssetBase": 787,
    "investPool": 787,
    "leCost": 117,
    "liquidation": 0,
    "mortgageDeduct": 0,
    "oneTime": 0,
    "totalWealth": 5471,
    "year": 2053,
  },
  {
    "annualExpense": 8,
    "annualIncome": 406,
    "assetTotal": 5799,
    "cashAssetBase": 422,
    "cashFlow": 4540,
    "cashPool": 4961,
    "dividendCashout": 0,
    "investAssetBase": 838,
    "investPool": 838,
    "leCost": 134,
    "liquidation": 0,
    "mortgageDeduct": 0,
    "oneTime": 0,
    "totalWealth": 5799,
    "year": 2054,
  },
  {
    "annualExpense": 8,
    "annualIncome": 406,
    "assetTotal": 6144,
    "cashAssetBase": 434,
    "cashFlow": 4819,
    "cashPool": 5252,
    "dividendCashout": 0,
    "investAssetBase": 892,
    "investPool": 892,
    "leCost": 119,
    "liquidation": 0,
    "mortgageDeduct": 0,
    "oneTime": 0,
    "totalWealth": 6144,
    "year": 2055,
  },
  {
    "annualExpense": 8,
    "annualIncome": 406,
    "assetTotal": 6476,
    "cashAssetBase": 446,
    "cashFlow": 5082,
    "cashPool": 5528,
    "dividendCashout": 0,
    "investAssetBase": 948,
    "investPool": 948,
    "leCost": 135,
    "liquidation": 0,
    "mortgageDeduct": 0,
    "oneTime": 0,
    "totalWealth": 6476,
    "year": 2056,
  },
  {
    "annualExpense": 8,
    "annualIncome": 406,
    "assetTotal": 6826,
    "cashAssetBase": 459,
    "cashFlow": 5360,
    "cashPool": 5818,
    "dividendCashout": 0,
    "investAssetBase": 1008,
    "investPool": 1008,
    "leCost": 120,
    "liquidation": 0,
    "mortgageDeduct": 0,
    "oneTime": 0,
    "totalWealth": 6826,
    "year": 2057,
  },
  {
    "annualExpense": 8,
    "annualIncome": 406,
    "assetTotal": 7163,
    "cashAssetBase": 471,
    "cashFlow": 5622,
    "cashPool": 6093,
    "dividendCashout": 0,
    "investAssetBase": 1070,
    "investPool": 1070,
    "leCost": 136,
    "liquidation": 0,
    "mortgageDeduct": 0,
    "oneTime": 0,
    "totalWealth": 7163,
    "year": 2058,
  },
  {
    "annualExpense": 8,
    "annualIncome": 406,
    "assetTotal": 7518,
    "cashAssetBase": 483,
    "cashFlow": 5899,
    "cashPool": 6382,
    "dividendCashout": 0,
    "investAssetBase": 1136,
    "investPool": 1136,
    "leCost": 121,
    "liquidation": 0,
    "mortgageDeduct": 0,
    "oneTime": 0,
    "totalWealth": 7518,
    "year": 2059,
  },
  {
    "annualExpense": 8,
    "annualIncome": 406,
    "assetTotal": 7860,
    "cashAssetBase": 496,
    "cashFlow": 6160,
    "cashPool": 6655,
    "dividendCashout": 0,
    "investAssetBase": 1205,
    "investPool": 1205,
    "leCost": 137,
    "liquidation": 0,
    "mortgageDeduct": 0,
    "oneTime": 0,
    "totalWealth": 7860,
    "year": 2060,
  },
  {
    "annualExpense": 8,
    "annualIncome": 406,
    "assetTotal": 8220,
    "cashAssetBase": 508,
    "cashFlow": 6436,
    "cashPool": 6944,
    "dividendCashout": 0,
    "investAssetBase": 1277,
    "investPool": 1277,
    "leCost": 122,
    "liquidation": 0,
    "mortgageDeduct": 0,
    "oneTime": 0,
    "totalWealth": 8220,
    "year": 2061,
  },
  {
    "annualExpense": 8,
    "annualIncome": 406,
    "assetTotal": 8568,
    "cashAssetBase": 521,
    "cashFlow": 6695,
    "cashPool": 7215,
    "dividendCashout": 0,
    "investAssetBase": 1353,
    "investPool": 1353,
    "leCost": 139,
    "liquidation": 0,
    "mortgageDeduct": 0,
    "oneTime": 0,
    "totalWealth": 8568,
    "year": 2062,
  },
  {
    "annualExpense": 8,
    "annualIncome": 406,
    "assetTotal": 8935,
    "cashAssetBase": 533,
    "cashFlow": 6970,
    "cashPool": 7503,
    "dividendCashout": 0,
    "investAssetBase": 1432,
    "investPool": 1432,
    "leCost": 123,
    "liquidation": 0,
    "mortgageDeduct": 0,
    "oneTime": 0,
    "totalWealth": 8935,
    "year": 2063,
  },
  {
    "annualExpense": 8,
    "annualIncome": 406,
    "assetTotal": 9289,
    "cashAssetBase": 545,
    "cashFlow": 7228,
    "cashPool": 7773,
    "dividendCashout": 0,
    "investAssetBase": 1516,
    "investPool": 1516,
    "leCost": 140,
    "liquidation": 0,
    "mortgageDeduct": 0,
    "oneTime": 0,
    "totalWealth": 9289,
    "year": 2064,
  },
  {
    "annualExpense": 8,
    "annualIncome": 406,
    "assetTotal": 9663,
    "cashAssetBase": 558,
    "cashFlow": 7502,
    "cashPool": 8059,
    "dividendCashout": 0,
    "investAssetBase": 1604,
    "investPool": 1604,
    "leCost": 124,
    "liquidation": 0,
    "mortgageDeduct": 0,
    "oneTime": 0,
    "totalWealth": 9663,
    "year": 2065,
  },
  {
    "annualExpense": 8,
    "annualIncome": 406,
    "assetTotal": 10024,
    "cashAssetBase": 570,
    "cashFlow": 7759,
    "cashPool": 8329,
    "dividendCashout": 0,
    "investAssetBase": 1696,
    "investPool": 1696,
    "leCost": 141,
    "liquidation": 0,
    "mortgageDeduct": 0,
    "oneTime": 0,
    "totalWealth": 10024,
    "year": 2066,
  },
  {
    "annualExpense": 8,
    "annualIncome": 406,
    "assetTotal": 10406,
    "cashAssetBase": 583,
    "cashFlow": 8031,
    "cashPool": 8613,
    "dividendCashout": 0,
    "investAssetBase": 1793,
    "investPool": 1793,
    "leCost": 126,
    "liquidation": 0,
    "mortgageDeduct": 0,
    "oneTime": 0,
    "totalWealth": 10406,
    "year": 2067,
  },
  {
    "annualExpense": 8,
    "annualIncome": 406,
    "assetTotal": 10776,
    "cashAssetBase": 595,
    "cashFlow": 8287,
    "cashPool": 8882,
    "dividendCashout": 0,
    "investAssetBase": 1894,
    "investPool": 1894,
    "leCost": 142,
    "liquidation": 0,
    "mortgageDeduct": 0,
    "oneTime": 0,
    "totalWealth": 10776,
    "year": 2068,
  },
  {
    "annualExpense": 8,
    "annualIncome": 406,
    "assetTotal": 11166,
    "cashAssetBase": 608,
    "cashFlow": 8558,
    "cashPool": 9165,
    "dividendCashout": 0,
    "investAssetBase": 2001,
    "investPool": 2001,
    "leCost": 127,
    "liquidation": 0,
    "mortgageDeduct": 0,
    "oneTime": 0,
    "totalWealth": 11166,
    "year": 2069,
  },
  {
    "annualExpense": 8,
    "annualIncome": 406,
    "assetTotal": 11546,
    "cashAssetBase": 620,
    "cashFlow": 8813,
    "cashPool": 9433,
    "dividendCashout": 0,
    "investAssetBase": 2113,
    "investPool": 2113,
    "leCost": 143,
    "liquidation": 0,
    "mortgageDeduct": 0,
    "oneTime": 0,
    "totalWealth": 11546,
    "year": 2070,
  },
  {
    "annualExpense": 8,
    "annualIncome": 406,
    "assetTotal": 11946,
    "cashAssetBase": 633,
    "cashFlow": 9083,
    "cashPool": 9715,
    "dividendCashout": 0,
    "investAssetBase": 2230,
    "investPool": 2230,
    "leCost": 128,
    "liquidation": 0,
    "mortgageDeduct": 0,
    "oneTime": 0,
    "totalWealth": 11946,
    "year": 2071,
  },
  {
    "annualExpense": 8,
    "annualIncome": 406,
    "assetTotal": 12335,
    "cashAssetBase": 645,
    "cashFlow": 9336,
    "cashPool": 9981,
    "dividendCashout": 0,
    "investAssetBase": 2354,
    "investPool": 2354,
    "leCost": 145,
    "liquidation": 0,
    "mortgageDeduct": 0,
    "oneTime": 0,
    "totalWealth": 12335,
    "year": 2072,
  },
  {
    "annualExpense": 8,
    "annualIncome": 406,
    "assetTotal": 12746,
    "cashAssetBase": 658,
    "cashFlow": 9605,
    "cashPool": 10262,
    "dividendCashout": 0,
    "investAssetBase": 2484,
    "investPool": 2484,
    "leCost": 129,
    "liquidation": 0,
    "mortgageDeduct": 0,
    "oneTime": 0,
    "totalWealth": 12746,
    "year": 2073,
  },
  {
    "annualExpense": 8,
    "annualIncome": 406,
    "assetTotal": 13147,
    "cashAssetBase": 670,
    "cashFlow": 9857,
    "cashPool": 10527,
    "dividendCashout": 0,
    "investAssetBase": 2620,
    "investPool": 2620,
    "leCost": 146,
    "liquidation": 0,
    "mortgageDeduct": 0,
    "oneTime": 0,
    "totalWealth": 13147,
    "year": 2074,
  },
  {
    "annualExpense": 8,
    "annualIncome": 406,
    "assetTotal": 13570,
    "cashAssetBase": 683,
    "cashFlow": 10125,
    "cashPool": 10807,
    "dividendCashout": 0,
    "investAssetBase": 2763,
    "investPool": 2763,
    "leCost": 130,
    "liquidation": 0,
    "mortgageDeduct": 0,
    "oneTime": 0,
    "totalWealth": 13570,
    "year": 2075,
  },
  {
    "annualExpense": 8,
    "annualIncome": 406,
    "assetTotal": 13984,
    "cashAssetBase": 695,
    "cashFlow": 10376,
    "cashPool": 11071,
    "dividendCashout": 0,
    "investAssetBase": 2913,
    "investPool": 2913,
    "leCost": 147,
    "liquidation": 0,
    "mortgageDeduct": 0,
    "oneTime": 0,
    "totalWealth": 13984,
    "year": 2076,
  },
  {
    "annualExpense": 8,
    "annualIncome": 406,
    "assetTotal": 14420,
    "cashAssetBase": 708,
    "cashFlow": 10642,
    "cashPool": 11349,
    "dividendCashout": 0,
    "investAssetBase": 3071,
    "investPool": 3071,
    "leCost": 132,
    "liquidation": 0,
    "mortgageDeduct": 0,
    "oneTime": 0,
    "totalWealth": 14420,
    "year": 2077,
  },
  {
    "annualExpense": 8,
    "annualIncome": 406,
    "assetTotal": 14848,
    "cashAssetBase": 720,
    "cashFlow": 10892,
    "cashPool": 11612,
    "dividendCashout": 0,
    "investAssetBase": 3236,
    "investPool": 3236,
    "leCost": 148,
    "liquidation": 0,
    "mortgageDeduct": 0,
    "oneTime": 0,
    "totalWealth": 14848,
    "year": 2078,
  },
  {
    "annualExpense": 8,
    "annualIncome": 406,
    "assetTotal": 15299,
    "cashAssetBase": 733,
    "cashFlow": 11157,
    "cashPool": 11890,
    "dividendCashout": 0,
    "investAssetBase": 3410,
    "investPool": 3410,
    "leCost": 133,
    "liquidation": 0,
    "mortgageDeduct": 0,
    "oneTime": 0,
    "totalWealth": 15299,
    "year": 2079,
  },
  {
    "annualExpense": 8,
    "annualIncome": 406,
    "assetTotal": 15742,
    "cashAssetBase": 746,
    "cashFlow": 11405,
    "cashPool": 12150,
    "dividendCashout": 0,
    "investAssetBase": 3592,
    "investPool": 3592,
    "leCost": 150,
    "liquidation": 0,
    "mortgageDeduct": 0,
    "oneTime": 0,
    "totalWealth": 15742,
    "year": 2080,
  },
  {
    "annualExpense": 8,
    "annualIncome": 406,
    "assetTotal": 16211,
    "cashAssetBase": 758,
    "cashFlow": 11669,
    "cashPool": 12427,
    "dividendCashout": 0,
    "investAssetBase": 3784,
    "investPool": 3784,
    "leCost": 134,
    "liquidation": 0,
    "mortgageDeduct": 0,
    "oneTime": 0,
    "totalWealth": 16211,
    "year": 2081,
  },
  {
    "annualExpense": 8,
    "annualIncome": 406,
    "assetTotal": 16671,
    "cashAssetBase": 771,
    "cashFlow": 11916,
    "cashPool": 12686,
    "dividendCashout": 0,
    "investAssetBase": 3985,
    "investPool": 3985,
    "leCost": 151,
    "liquidation": 0,
    "mortgageDeduct": 0,
    "oneTime": 0,
    "totalWealth": 16671,
    "year": 2082,
  },
  {
    "annualExpense": 8,
    "annualIncome": 406,
    "assetTotal": 17158,
    "cashAssetBase": 783,
    "cashFlow": 12179,
    "cashPool": 12962,
    "dividendCashout": 0,
    "investAssetBase": 4196,
    "investPool": 4196,
    "leCost": 135,
    "liquidation": 0,
    "mortgageDeduct": 0,
    "oneTime": 0,
    "totalWealth": 17158,
    "year": 2083,
  },
  {
    "annualExpense": 8,
    "annualIncome": 406,
    "assetTotal": 17639,
    "cashAssetBase": 796,
    "cashFlow": 12425,
    "cashPool": 13221,
    "dividendCashout": 0,
    "investAssetBase": 4418,
    "investPool": 4418,
    "leCost": 152,
    "liquidation": 0,
    "mortgageDeduct": 0,
    "oneTime": 0,
    "totalWealth": 17639,
    "year": 2084,
  },
  {
    "annualExpense": 8,
    "annualIncome": 406,
    "assetTotal": 18145,
    "cashAssetBase": 809,
    "cashFlow": 12686,
    "cashPool": 13494,
    "dividendCashout": 0,
    "investAssetBase": 4651,
    "investPool": 4651,
    "leCost": 137,
    "liquidation": 0,
    "mortgageDeduct": 0,
    "oneTime": 0,
    "totalWealth": 18145,
    "year": 2085,
  },
  {
    "annualExpense": 8,
    "annualIncome": 406,
    "assetTotal": 18647,
    "cashAssetBase": 821,
    "cashFlow": 12931,
    "cashPool": 13752,
    "dividendCashout": 0,
    "investAssetBase": 4896,
    "investPool": 4896,
    "leCost": 153,
    "liquidation": 0,
    "mortgageDeduct": 0,
    "oneTime": 0,
    "totalWealth": 18647,
    "year": 2086,
  },
  {
    "annualExpense": 8,
    "annualIncome": 406,
    "assetTotal": 19177,
    "cashAssetBase": 834,
    "cashFlow": 13191,
    "cashPool": 14024,
    "dividendCashout": 0,
    "investAssetBase": 5153,
    "investPool": 5153,
    "leCost": 138,
    "liquidation": 0,
    "mortgageDeduct": 0,
    "oneTime": 0,
    "totalWealth": 19177,
    "year": 2087,
  },
  {
    "annualExpense": 8,
    "annualIncome": 406,
    "assetTotal": 19702,
    "cashAssetBase": 847,
    "cashFlow": 13434,
    "cashPool": 14280,
    "dividendCashout": 0,
    "investAssetBase": 5422,
    "investPool": 5422,
    "leCost": 155,
    "liquidation": 0,
    "mortgageDeduct": 0,
    "oneTime": 0,
    "totalWealth": 19702,
    "year": 2088,
  },
  {
    "annualExpense": 8,
    "annualIncome": 406,
    "assetTotal": 20257,
    "cashAssetBase": 859,
    "cashFlow": 13693,
    "cashPool": 14552,
    "dividendCashout": 0,
    "investAssetBase": 5705,
    "investPool": 5705,
    "leCost": 139,
    "liquidation": 0,
    "mortgageDeduct": 0,
    "oneTime": 0,
    "totalWealth": 20257,
    "year": 2089,
  },
  {
    "annualExpense": 8,
    "annualIncome": 406,
    "assetTotal": 20809,
    "cashAssetBase": 872,
    "cashFlow": 13935,
    "cashPool": 14807,
    "dividendCashout": 0,
    "investAssetBase": 6003,
    "investPool": 6003,
    "leCost": 156,
    "liquidation": 0,
    "mortgageDeduct": 0,
    "oneTime": 0,
    "totalWealth": 20809,
    "year": 2090,
  },
]
`;
