// Vitest Snapshot v1, https://vitest.dev/guide/snapshot.html

exports[`snapshot: MF CSV パース結果 > cross-month.csv 1`] = `
[
  {
    "amount": 1000,
    "categoryId": null,
    "date": "2025-12-30",
    "description": "12月末",
    "id": "cm-001",
    "isIncome": false,
    "mfCategory": "食費",
    "mfMappingKey": "食費::食料品",
    "mfSubCategory": "食料品",
    "source": "csv",
  },
  {
    "amount": 2000,
    "categoryId": null,
    "date": "2025-12-31",
    "description": "大晦日",
    "id": "cm-002",
    "isIncome": false,
    "mfCategory": "食費",
    "mfMappingKey": "食費::食料品",
    "mfSubCategory": "食料品",
    "source": "csv",
  },
  {
    "amount": 3000,
    "categoryId": null,
    "date": "2026-01-01",
    "description": "元日",
    "id": "cm-003",
    "isIncome": false,
    "mfCategory": "食費",
    "mfMappingKey": "食費::食料品",
    "mfSubCategory": "食料品",
    "source": "csv",
  },
  {
    "amount": 4000,
    "categoryId": null,
    "date": "2026-01-02",
    "description": "1月初",
    "id": "cm-004",
    "isIncome": false,
    "mfCategory": "食費",
    "mfMappingKey": "食費::食料品",
    "mfSubCategory": "食料品",
    "source": "csv",
  },
]
`;

exports[`snapshot: MF CSV パース結果 > mf-edge-quotes.csv 1`] = `
[
  {
    "amount": 650,
    "categoryId": null,
    "date": "2026-02-01",
    "description": "カフェ, 渋谷店",
    "id": "edge-001",
    "isIncome": false,
    "mfCategory": "食費",
    "mfMappingKey": "食費::外食",
    "mfSubCategory": "外食",
    "source": "csv",
  },
  {
    "amount": 3200,
    "categoryId": null,
    "date": "2026-02-02",
    "description": ""特売"セール",
    "id": "edge-002",
    "isIncome": false,
    "mfCategory": "食費",
    "mfMappingKey": "食費::食料品",
    "mfSubCategory": "食料品",
    "source": "csv",
  },
  {
    "amount": 1000,
    "categoryId": null,
    "date": "2026-02-03",
    "description": ",,カンマ多めの内容",
    "id": "edge-003",
    "isIncome": false,
    "mfCategory": "日用品",
    "mfMappingKey": "日用品::生活雑貨",
    "mfSubCategory": "生活雑貨",
    "source": "csv",
  },
]
`;

exports[`snapshot: MF CSV パース結果 > mf-normal.csv 1`] = `
[
  {
    "amount": 3500,
    "categoryId": null,
    "date": "2026-01-05",
    "description": "スーパー",
    "id": "sample-001",
    "isIncome": false,
    "mfCategory": "食費",
    "mfMappingKey": "食費::食料品",
    "mfSubCategory": "食料品",
    "source": "csv",
  },
  {
    "amount": 80000,
    "categoryId": null,
    "date": "2026-01-10",
    "description": "家賃",
    "id": "sample-002",
    "isIncome": false,
    "mfCategory": "住宅",
    "mfMappingKey": "住宅::家賃",
    "mfSubCategory": "家賃",
    "source": "csv",
  },
  {
    "amount": 300000,
    "categoryId": null,
    "date": "2026-01-15",
    "description": "給与",
    "id": "sample-003",
    "isIncome": true,
    "mfCategory": "収入",
    "mfMappingKey": "収入::給与",
    "mfSubCategory": "給与",
    "source": "csv",
  },
  {
    "amount": 8500,
    "categoryId": null,
    "date": "2026-01-20",
    "description": "携帯",
    "id": "sample-004",
    "isIncome": false,
    "mfCategory": "通信費",
    "mfMappingKey": "通信費::携帯電話",
    "mfSubCategory": "携帯電話",
    "source": "csv",
  },
  {
    "amount": 1200,
    "categoryId": null,
    "date": "2026-01-22",
    "description": "コンビニ",
    "id": "sample-005",
    "isIncome": false,
    "mfCategory": "食費",
    "mfMappingKey": "食費::外食",
    "mfSubCategory": "外食",
    "source": "csv",
  },
  {
    "amount": 5500,
    "categoryId": null,
    "date": "2026-01-25",
    "description": "水道",
    "id": "sample-006",
    "isIncome": false,
    "mfCategory": "水道・光熱費",
    "mfMappingKey": "水道・光熱費::水道",
    "mfSubCategory": "水道",
    "source": "csv",
  },
  {
    "amount": 2800,
    "categoryId": null,
    "date": "2026-01-28",
    "description": "ドラッグストア",
    "id": "sample-007",
    "isIncome": false,
    "mfCategory": "日用品",
    "mfMappingKey": "日用品::生活雑貨",
    "mfSubCategory": "生活雑貨",
    "source": "csv",
  },
  {
    "amount": 9200,
    "categoryId": null,
    "date": "2026-01-29",
    "description": "電気",
    "id": "sample-008",
    "isIncome": false,
    "mfCategory": "水道・光熱費",
    "mfMappingKey": "水道・光熱費::電気",
    "mfSubCategory": "電気",
    "source": "csv",
  },
  {
    "amount": 4100,
    "categoryId": null,
    "date": "2026-01-30",
    "description": "ガス",
    "id": "sample-009",
    "isIncome": false,
    "mfCategory": "水道・光熱費",
    "mfMappingKey": "水道・光熱費::ガス",
    "mfSubCategory": "ガス",
    "source": "csv",
  },
  {
    "amount": 12000,
    "categoryId": null,
    "date": "2026-01-31",
    "description": "服",
    "id": "sample-010",
    "isIncome": false,
    "mfCategory": "衣服・美容",
    "mfMappingKey": "衣服・美容::衣服",
    "mfSubCategory": "衣服",
    "source": "csv",
  },
]
`;

exports[`snapshot: MF CSV パース結果 > mf-unmapped-category.csv 1`] = `
[
  {
    "amount": 5000,
    "categoryId": null,
    "date": "2026-03-01",
    "description": "謎の出費",
    "id": "unmap-001",
    "isIncome": false,
    "mfCategory": "カスタムカテゴリX",
    "mfMappingKey": "カスタムカテゴリX::なし",
    "mfSubCategory": "なし",
    "source": "csv",
  },
  {
    "amount": 1000,
    "categoryId": null,
    "date": "2026-03-02",
    "description": "普通",
    "id": "unmap-002",
    "isIncome": false,
    "mfCategory": "食費",
    "mfMappingKey": "食費::食料品",
    "mfSubCategory": "食料品",
    "source": "csv",
  },
  {
    "amount": 7000,
    "categoryId": null,
    "date": "2026-03-03",
    "description": "別の謎",
    "id": "unmap-003",
    "isIncome": false,
    "mfCategory": "新ジャンル",
    "mfMappingKey": "新ジャンル::なし",
    "mfSubCategory": "なし",
    "source": "csv",
  },
]
`;

exports[`snapshot: Zaim CSV パース結果 > zaim-normal.csv 1`] = `
[
  {
    "amount": 3500,
    "categoryId": null,
    "date": "2026-01-05",
    "description": "食料品",
    "id": "zaim-001",
    "isIncome": false,
    "mfCategory": "食費",
    "mfMappingKey": "食費::食料品",
    "mfSubCategory": "食料品",
    "source": "csv",
  },
  {
    "amount": 80000,
    "categoryId": null,
    "date": "2026-01-10",
    "description": "家賃",
    "id": "zaim-002",
    "isIncome": false,
    "mfCategory": "住宅",
    "mfMappingKey": "住宅::家賃",
    "mfSubCategory": "家賃",
    "source": "csv",
  },
  {
    "amount": 300000,
    "categoryId": null,
    "date": "2026-01-15",
    "description": "本業",
    "id": "zaim-003",
    "isIncome": true,
    "mfCategory": "給与",
    "mfMappingKey": "給与::本業",
    "mfSubCategory": "本業",
    "source": "csv",
  },
  {
    "amount": 8500,
    "categoryId": null,
    "date": "2026-01-20",
    "description": "携帯",
    "id": "zaim-004",
    "isIncome": false,
    "mfCategory": "通信費",
    "mfMappingKey": "通信費::携帯",
    "mfSubCategory": "携帯",
    "source": "csv",
  },
  {
    "amount": 1200,
    "categoryId": null,
    "date": "2026-01-22",
    "description": "外食",
    "id": "zaim-005",
    "isIncome": false,
    "mfCategory": "食費",
    "mfMappingKey": "食費::外食",
    "mfSubCategory": "外食",
    "source": "csv",
  },
]
`;
